******************************************************************************
                  MSP430 Linker PC v21.6.0                     
******************************************************************************
>> Linked Mon Aug 15 20:20:47 2022

OUTPUT FILE NAME:   <FRIENDS_MONITOR_V1.out>
ENTRY POINT SYMBOL: "_c_int00_noargs"  address: 0000ede6


MEMORY CONFIGURATION

         name            origin    length      used     unused   attr    fill
----------------------  --------  ---------  --------  --------  ----  --------
  SFR                   00000000   00000010  00000000  00000010  RWIX
  PERIPHERALS_8BIT      00000010   000000f0  00000000  000000f0  RWIX
  PERIPHERALS_16BIT     00000100   00000100  00000000  00000100  RWIX
  RAM                   00000200   00000100  00000080  00000080  RWIX
  INFOD                 00001000   00000040  00000000  00000040  RWIX
  INFOC                 00001040   00000040  00000000  00000040  RWIX
  INFOB                 00001080   00000040  00000000  00000040  RWIX
  INFOA                 000010c0   00000040  00000000  00000040  RWIX
  FLASH                 0000e000   00001fe0  000010e6  00000efa  RWIX
  INT00                 0000ffe0   00000002  00000000  00000002  RWIX
  INT01                 0000ffe2   00000002  00000000  00000002  RWIX
  INT02                 0000ffe4   00000002  00000002  00000000  RWIX
  INT03                 0000ffe6   00000002  00000002  00000000  RWIX
  INT04                 0000ffe8   00000002  00000002  00000000  RWIX
  INT05                 0000ffea   00000002  00000002  00000000  RWIX
  INT06                 0000ffec   00000002  00000000  00000002  RWIX
  INT07                 0000ffee   00000002  00000000  00000002  RWIX
  INT08                 0000fff0   00000002  00000002  00000000  RWIX
  INT09                 0000fff2   00000002  00000002  00000000  RWIX
  INT10                 0000fff4   00000002  00000002  00000000  RWIX
  INT11                 0000fff6   00000002  00000002  00000000  RWIX
  INT12                 0000fff8   00000002  00000000  00000002  RWIX
  INT13                 0000fffa   00000002  00000000  00000002  RWIX
  INT14                 0000fffc   00000002  00000002  00000000  RWIX
  RESET                 0000fffe   00000002  00000002  00000000  RWIX


SECTION ALLOCATION MAP

 output                                  attributes/
section   page    origin      length       input sections
--------  ----  ----------  ----------   ----------------
.bss       0    00000200    0000002a     UNINITIALIZED
                  00000200    0000000a     (.common:timestamp_conv_buffer)
                  0000020a    00000008     (.common:timestamp_buffer)
                  00000212    00000006     (.common:ticks_conv_buffer)
                  00000218    00000004     (.common:time)
                  0000021c    00000002     (.common:RXByte)
                  0000021e    00000002     (.common:TXByte)
                  00000220    00000002     (.common:interrupt_ticks)
                  00000222    00000002     (.common:stored_ticks)
                  00000224    00000001     (.common:BitCnt)
                  00000225    00000001     (.common:isMenu)
                  00000226    00000001     (.common:isReceiving)
                  00000227    00000001     (.common:isTransmitting)
                  00000228    00000001     (.common:rxReady)
                  00000229    00000001     (.common:writeToFlash)

.data      0    0000022a    00000006     UNINITIALIZED
                  0000022a    00000004     main.obj (.data)
                  0000022e    00000002     rts430_eabi.lib : errno.c.obj (.data)

.stack     0    000002b0    00000050     UNINITIALIZED
                  000002b0    00000002     rts430_eabi.lib : boot.c.obj (.stack)
                  000002b2    0000004e     --HOLE--

.text      0    0000e000    00000e94     
                  0000e000    00000472     main.obj (.text:main)
                  0000e472    00000212     rts430_eabi.lib : strtol.c.obj (.text:strtol)
                  0000e684    000000da     main.obj (.text:Port_1)
                  0000e75e    000000b6     main.obj (.text:lltoa)
                  0000e814    0000008e     flash.obj (.text:GetFlashPosition)
                  0000e8a2    0000008a     flash.obj (.text:write_timestamp)
                  0000e92c    0000007c     rts430_eabi.lib : copy_decompress_lzss.c.obj (.text:decompress:lzss:__TI_decompress_lzss)
                  0000e9a8    00000078     flash.obj (.text:read_flash)
                  0000ea20    00000072     main.obj (.text:UART_TX)
                  0000ea92    00000068     flash.obj (.text:FlashInit)
                  0000eafa    00000058     rts430_eabi.lib : div32u.asm.obj (.text)
                  0000eb52    00000052     flash.obj (.text:read_signature)
                  0000eba4    00000052     flash.obj (.text:send_byte)
                  0000ebf6    0000004c     rts430_eabi.lib : lsr16.asm.obj (.text)
                  0000ec42    00000044     flash.obj (.text:chip_erase)
                  0000ec86    00000042     rts430_eabi.lib : autoinit.c.obj (.text:__TI_auto_init_nobinit_nopinit:__TI_auto_init_nobinit_nopinit)
                  0000ecc8    0000003e                     : lsl32.asm.obj (.text:l_lsl_const)
                  0000ed06    0000002c                     : asr16.asm.obj (.text)
                  0000ed32    0000002c                     : lsl16.asm.obj (.text)
                  0000ed5e    00000026                     : mult32.asm.obj (.text)
                  0000ed84    00000022     flash.obj (.text:IsFlashBusy)
                  0000eda6    00000022     flash.obj (.text:release_deep_power_down)
                  0000edc8    0000001e     flash.obj (.text:deep_power_down)
                  0000ede6    0000001c     rts430_eabi.lib : boot.c.obj (.text:_c_int00_noargs)
                  0000ee02    00000014     main.obj (.text:UART_RX)
                  0000ee16    00000014     rts430_eabi.lib : copy_zero_init.c.obj (.text:decompress:ZI:__TI_zero_init_nomemset:__TI_zero_init_nomemset)
                  0000ee2a    00000012     main.obj (.text:UART_PRINT)
                  0000ee3c    00000012     rts430_eabi.lib : copy_decompress_none.c.obj (.text:decompress:none:__TI_decompress_none)
                  0000ee4e    00000012                     : memcpy.c.obj (.text:memcpy)
                  0000ee60    00000010     main.obj (.text:Timer_A0_ISR)
                  0000ee70    00000010     rts430_eabi.lib : epilog.asm.obj (.text)
                  0000ee80    00000008                     : isr_trap.asm.obj (.text:_isr:__TI_ISR_TRAP)
                  0000ee88    00000006                     : exit.c.obj (.text:abort)
                  0000ee8e    00000004                     : pre_init.c.obj (.text:_system_pre_init)
                  0000ee92    00000002                     : startup.c.obj (.text:_system_post_cinit)

.const     0    0000ee94    00000238     
                  0000ee94    00000116     main.obj (.const:.string)
                  0000efaa    00000101     rts430_eabi.lib : ctype.c.obj (.const:.string:_ctypes_)
                  0000f0ab    00000001     --HOLE-- [fill = 0]
                  0000f0ac    00000020     flash.obj (.const:.string)

.cinit     0    0000f0cc    0000001a     
                  0000f0cc    00000007     (.cinit..data.load) [load image, compression = lzss]
                  0000f0d3    00000001     --HOLE-- [fill = 0]
                  0000f0d4    00000006     (__TI_handler_table)
                  0000f0da    00000004     (.cinit..bss.load) [load image, compression = zero_init]
                  0000f0de    00000008     (__TI_cinit_table)

.binit     0    0000e000    00000000     

.init_array 
*          0    0000e000    00000000     UNINITIALIZED

PORT1      0    0000ffe4    00000002     
                  0000ffe4    00000002     main.obj (.int02)

PORT2      0    0000ffe6    00000002     
                  0000ffe6    00000002     rts430_eabi.lib : int03.asm.obj (.int03)

USI        0    0000ffe8    00000002     
                  0000ffe8    00000002     rts430_eabi.lib : int04.asm.obj (.int04)

ADC10      0    0000ffea    00000002     
                  0000ffea    00000002     rts430_eabi.lib : int05.asm.obj (.int05)

TIMER0_A1 
*          0    0000fff0    00000002     
                  0000fff0    00000002     rts430_eabi.lib : int08.asm.obj (.int08)

TIMER0_A0 
*          0    0000fff2    00000002     
                  0000fff2    00000002     main.obj (.int09)

WDT        0    0000fff4    00000002     
                  0000fff4    00000002     rts430_eabi.lib : int10.asm.obj (.int10)

COMPARATORA 
*          0    0000fff6    00000002     
                  0000fff6    00000002     rts430_eabi.lib : int11.asm.obj (.int11)

NMI        0    0000fffc    00000002     
                  0000fffc    00000002     rts430_eabi.lib : int14.asm.obj (.int14)

.reset     0    0000fffe    00000002     
                  0000fffe    00000002     rts430_eabi.lib : boot.c.obj (.reset)

MODULE SUMMARY

       Module                       code   ro data   rw data
       ------                       ----   -------   -------
    .\
       main.obj                     1706   282       46     
       flash.obj                    834    32        0      
    +--+----------------------------+------+---------+---------+
       Total:                       2540   314       46     
                                                            
    C:\ti\ccs1200\ccs\tools\compiler\ti-cgt-msp430_21.6.0.LTS\lib\rts430_eabi.lib
       strtol.c.obj                 530    0         0      
       ctype.c.obj                  0      257       0      
       copy_decompress_lzss.c.obj   124    0         0      
       div32u.asm.obj               88     0         0      
       lsr16.asm.obj                76     0         0      
       autoinit.c.obj               66     0         0      
       lsl32.asm.obj                62     0         0      
       asr16.asm.obj                44     0         0      
       lsl16.asm.obj                44     0         0      
       mult32.asm.obj               38     0         0      
       boot.c.obj                   28     2         0      
       copy_zero_init.c.obj         20     0         0      
       copy_decompress_none.c.obj   18     0         0      
       memcpy.c.obj                 18     0         0      
       epilog.asm.obj               16     0         0      
       isr_trap.asm.obj             8      0         0      
       exit.c.obj                   6      0         0      
       pre_init.c.obj               4      0         0      
       errno.c.obj                  0      0         2      
       int03.asm.obj                0      2         0      
       int04.asm.obj                0      2         0      
       int05.asm.obj                0      2         0      
       int08.asm.obj                0      2         0      
       int10.asm.obj                0      2         0      
       int11.asm.obj                0      2         0      
       int14.asm.obj                0      2         0      
       startup.c.obj                2      0         0      
    +--+----------------------------+------+---------+---------+
       Total:                       1192   273       2      
                                                            
       Stack:                       0      0         80     
       Linker Generated:            0      25        0      
    +--+----------------------------+------+---------+---------+
       Grand Total:                 3732   612       128    


LINKER GENERATED COPY TABLES

__TI_cinit_table @ 0000f0de records: 2, size/record: 4, table size: 8
	.data: load addr=0000f0cc, load size=00000007 bytes, run addr=0000022a, run size=00000006 bytes, compression=lzss
	.bss: load addr=0000f0da, load size=00000004 bytes, run addr=00000200, run size=0000002a bytes, compression=zero_init


LINKER GENERATED HANDLER TABLE

__TI_handler_table @ 0000f0d4 records: 3, size/record: 2, table size: 6
	index: 0, handler: __TI_zero_init
	index: 1, handler: __TI_decompress_lzss
	index: 2, handler: __TI_decompress_none


GLOBAL SYMBOLS: SORTED ALPHABETICALLY BY Name 

address   name                          
-------   ----                          
0000004a  ADC10AE0                      
000001b0  ADC10CTL0                     
000001b2  ADC10CTL1                     
00000048  ADC10DTC0                     
00000049  ADC10DTC1                     
000001b4  ADC10MEM                      
000001bc  ADC10SA                       
00000057  BCSCTL1                       
00000058  BCSCTL2                       
00000053  BCSCTL3                       
00000224  BitCnt                        
0000ee88  C$$EXIT                       
00000059  CACTL1                        
0000005a  CACTL2                        
000010fb  CALBC1_12MHZ                  
000010f9  CALBC1_16MHZ                  
000010ff  CALBC1_1MHZ                   
000010fd  CALBC1_8MHZ                   
000010fa  CALDCO_12MHZ                  
000010f8  CALDCO_16MHZ                  
000010fe  CALDCO_1MHZ                   
000010fc  CALDCO_8MHZ                   
0000005b  CAPD                          
00000056  DCOCTL                        
00000128  FCTL1                         
0000012a  FCTL2                         
0000012c  FCTL3                         
0000ea92  FlashInit                     
0000e814  GetFlashPosition              
00000000  IE1                           
00000002  IFG1                          
0000ed84  IsFlashBusy                   
00000022  P1DIR                         
00000025  P1IE                          
00000024  P1IES                         
00000023  P1IFG                         
00000020  P1IN                          
00000021  P1OUT                         
00000027  P1REN                         
00000026  P1SEL                         
00000041  P1SEL2                        
0000002a  P2DIR                         
0000002d  P2IE                          
0000002c  P2IES                         
0000002b  P2IFG                         
00000028  P2IN                          
00000029  P2OUT                         
0000002f  P2REN                         
0000002e  P2SEL                         
00000042  P2SEL2                        
0000e684  Port_1                        
0000021c  RXByte                        
00000172  TA0CCR0                       
00000174  TA0CCR1                       
00000176  TA0CCR2                       
00000162  TA0CCTL0                      
00000164  TA0CCTL1                      
00000166  TA0CCTL2                      
00000160  TA0CTL                        
0000012e  TA0IV                         
00000170  TA0R                          
000010db  TLV_ADC10_1_LEN               
000010da  TLV_ADC10_1_TAG               
000010c0  TLV_CHECKSUM                  
000010f7  TLV_DCO_30_LEN                
000010f6  TLV_DCO_30_TAG                
0000021e  TXByte                        
0000ee60  Timer_A0_ISR                  
0000ee2a  UART_PRINT                    
0000ee02  UART_RX                       
0000ea20  UART_TX                       
0000007a  USICCTL                       
0000007a  USICKCTL                      
0000007b  USICNT                        
00000078  USICTL                        
00000078  USICTL0                       
00000079  USICTL1                       
0000007c  USISR                         
0000007d  USISRH                        
0000007c  USISRL                        
00000120  WDTCTL                        
00000300  __STACK_END                   
00000050  __STACK_SIZE                  
0000f0de  __TI_CINIT_Base               
0000f0e6  __TI_CINIT_Limit              
0000f0e6  __TI_CINIT_Warm               
0000f0d4  __TI_Handler_Table_Base       
0000f0da  __TI_Handler_Table_Limit      
0000ee80  __TI_ISR_TRAP                 
0000ec86  __TI_auto_init_nobinit_nopinit
0000e92c  __TI_decompress_lzss          
0000ee3c  __TI_decompress_none          
0000ffe4  __TI_int02                    
0000ffe6  __TI_int03                    
0000ffe8  __TI_int04                    
0000ffea  __TI_int05                    
0000fff0  __TI_int08                    
0000fff2  __TI_int09                    
0000fff4  __TI_int10                    
0000fff6  __TI_int11                    
0000fffc  __TI_int14                    
ffffffff  __TI_pprof_out_hndl           
ffffffff  __TI_prof_data_size           
ffffffff  __TI_prof_data_start          
0000ee16  __TI_zero_init_nomemset       
ffffffff  __c_args__                    
0000eafa  __mspabi_divul                
0000ee7c  __mspabi_func_epilog_1        
0000ee7a  __mspabi_func_epilog_2        
0000ee78  __mspabi_func_epilog_3        
0000ee76  __mspabi_func_epilog_4        
0000ee74  __mspabi_func_epilog_5        
0000ee72  __mspabi_func_epilog_6        
0000ee70  __mspabi_func_epilog_7        
0000ed5e  __mspabi_mpyl                 
0000ed5e  __mspabi_mpyl_sw              
0000eafa  __mspabi_remul                
0000ed32  __mspabi_slli                 
0000ed5a  __mspabi_slli_1               
0000ed48  __mspabi_slli_10              
0000ed46  __mspabi_slli_11              
0000ed44  __mspabi_slli_12              
0000ed42  __mspabi_slli_13              
0000ed40  __mspabi_slli_14              
0000ed3e  __mspabi_slli_15              
0000ed58  __mspabi_slli_2               
0000ed56  __mspabi_slli_3               
0000ed54  __mspabi_slli_4               
0000ed52  __mspabi_slli_5               
0000ed50  __mspabi_slli_6               
0000ed4e  __mspabi_slli_7               
0000ed4c  __mspabi_slli_8               
0000ed4a  __mspabi_slli_9               
0000ed00  __mspabi_slll_1               
0000ecdc  __mspabi_slll_10              
0000ecd8  __mspabi_slll_11              
0000ecd4  __mspabi_slll_12              
0000ecd0  __mspabi_slll_13              
0000eccc  __mspabi_slll_14              
0000ecc8  __mspabi_slll_15              
0000ecfc  __mspabi_slll_2               
0000ecf8  __mspabi_slll_3               
0000ecf4  __mspabi_slll_4               
0000ecf0  __mspabi_slll_5               
0000ecec  __mspabi_slll_6               
0000ece8  __mspabi_slll_7               
0000ece4  __mspabi_slll_8               
0000ece0  __mspabi_slll_9               
0000ed06  __mspabi_srai                 
0000ed2e  __mspabi_srai_1               
0000ed1c  __mspabi_srai_10              
0000ed1a  __mspabi_srai_11              
0000ed18  __mspabi_srai_12              
0000ed16  __mspabi_srai_13              
0000ed14  __mspabi_srai_14              
0000ed12  __mspabi_srai_15              
0000ed2c  __mspabi_srai_2               
0000ed2a  __mspabi_srai_3               
0000ed28  __mspabi_srai_4               
0000ed26  __mspabi_srai_5               
0000ed24  __mspabi_srai_6               
0000ed22  __mspabi_srai_7               
0000ed20  __mspabi_srai_8               
0000ed1e  __mspabi_srai_9               
0000ebf6  __mspabi_srli                 
0000ec3c  __mspabi_srli_1               
0000ec18  __mspabi_srli_10              
0000ec14  __mspabi_srli_11              
0000ec10  __mspabi_srli_12              
0000ec0c  __mspabi_srli_13              
0000ec08  __mspabi_srli_14              
0000ec04  __mspabi_srli_15              
0000ec38  __mspabi_srli_2               
0000ec34  __mspabi_srli_3               
0000ec30  __mspabi_srli_4               
0000ec2c  __mspabi_srli_5               
0000ec28  __mspabi_srli_6               
0000ec24  __mspabi_srli_7               
0000ec20  __mspabi_srli_8               
0000ec1c  __mspabi_srli_9               
0000ede6  _c_int00_noargs               
0000efaa  _ctypes_                      
0000fffe  _reset_vector                 
000002b0  _stack                        
0000ee92  _system_post_cinit            
0000ee8e  _system_pre_init              
0000ee88  abort                         
0000ec42  chip_erase                    
0000edc8  deep_power_down               
0000022e  errno                         
0000022a  flash_position                
00000220  interrupt_ticks               
00000225  isMenu                        
00000226  isReceiving                   
00000227  isTransmitting                
0000e75e  lltoa                         
0000e000  main                          
0000ee4e  memcpy                        
0000e9a8  read_flash                    
0000eb52  read_signature                
0000eda6  release_deep_power_down       
00000228  rxReady                       
0000eba4  send_byte                     
00000222  stored_ticks                  
0000e472  strtol                        
00000212  ticks_conv_buffer             
00000218  time                          
0000020a  timestamp_buffer              
00000200  timestamp_conv_buffer         
00000229  writeToFlash                  
0000e8a2  write_timestamp               


GLOBAL SYMBOLS: SORTED BY Symbol Address 

address   name                          
-------   ----                          
00000000  IE1                           
00000002  IFG1                          
00000020  P1IN                          
00000021  P1OUT                         
00000022  P1DIR                         
00000023  P1IFG                         
00000024  P1IES                         
00000025  P1IE                          
00000026  P1SEL                         
00000027  P1REN                         
00000028  P2IN                          
00000029  P2OUT                         
0000002a  P2DIR                         
0000002b  P2IFG                         
0000002c  P2IES                         
0000002d  P2IE                          
0000002e  P2SEL                         
0000002f  P2REN                         
00000041  P1SEL2                        
00000042  P2SEL2                        
00000048  ADC10DTC0                     
00000049  ADC10DTC1                     
0000004a  ADC10AE0                      
00000050  __STACK_SIZE                  
00000053  BCSCTL3                       
00000056  DCOCTL                        
00000057  BCSCTL1                       
00000058  BCSCTL2                       
00000059  CACTL1                        
0000005a  CACTL2                        
0000005b  CAPD                          
00000078  USICTL                        
00000078  USICTL0                       
00000079  USICTL1                       
0000007a  USICCTL                       
0000007a  USICKCTL                      
0000007b  USICNT                        
0000007c  USISR                         
0000007c  USISRL                        
0000007d  USISRH                        
00000120  WDTCTL                        
00000128  FCTL1                         
0000012a  FCTL2                         
0000012c  FCTL3                         
0000012e  TA0IV                         
00000160  TA0CTL                        
00000162  TA0CCTL0                      
00000164  TA0CCTL1                      
00000166  TA0CCTL2                      
00000170  TA0R                          
00000172  TA0CCR0                       
00000174  TA0CCR1                       
00000176  TA0CCR2                       
000001b0  ADC10CTL0                     
000001b2  ADC10CTL1                     
000001b4  ADC10MEM                      
000001bc  ADC10SA                       
00000200  timestamp_conv_buffer         
0000020a  timestamp_buffer              
00000212  ticks_conv_buffer             
00000218  time                          
0000021c  RXByte                        
0000021e  TXByte                        
00000220  interrupt_ticks               
00000222  stored_ticks                  
00000224  BitCnt                        
00000225  isMenu                        
00000226  isReceiving                   
00000227  isTransmitting                
00000228  rxReady                       
00000229  writeToFlash                  
0000022a  flash_position                
0000022e  errno                         
000002b0  _stack                        
00000300  __STACK_END                   
000010c0  TLV_CHECKSUM                  
000010da  TLV_ADC10_1_TAG               
000010db  TLV_ADC10_1_LEN               
000010f6  TLV_DCO_30_TAG                
000010f7  TLV_DCO_30_LEN                
000010f8  CALDCO_16MHZ                  
000010f9  CALBC1_16MHZ                  
000010fa  CALDCO_12MHZ                  
000010fb  CALBC1_12MHZ                  
000010fc  CALDCO_8MHZ                   
000010fd  CALBC1_8MHZ                   
000010fe  CALDCO_1MHZ                   
000010ff  CALBC1_1MHZ                   
0000e000  main                          
0000e472  strtol                        
0000e684  Port_1                        
0000e75e  lltoa                         
0000e814  GetFlashPosition              
0000e8a2  write_timestamp               
0000e92c  __TI_decompress_lzss          
0000e9a8  read_flash                    
0000ea20  UART_TX                       
0000ea92  FlashInit                     
0000eafa  __mspabi_divul                
0000eafa  __mspabi_remul                
0000eb52  read_signature                
0000eba4  send_byte                     
0000ebf6  __mspabi_srli                 
0000ec04  __mspabi_srli_15              
0000ec08  __mspabi_srli_14              
0000ec0c  __mspabi_srli_13              
0000ec10  __mspabi_srli_12              
0000ec14  __mspabi_srli_11              
0000ec18  __mspabi_srli_10              
0000ec1c  __mspabi_srli_9               
0000ec20  __mspabi_srli_8               
0000ec24  __mspabi_srli_7               
0000ec28  __mspabi_srli_6               
0000ec2c  __mspabi_srli_5               
0000ec30  __mspabi_srli_4               
0000ec34  __mspabi_srli_3               
0000ec38  __mspabi_srli_2               
0000ec3c  __mspabi_srli_1               
0000ec42  chip_erase                    
0000ec86  __TI_auto_init_nobinit_nopinit
0000ecc8  __mspabi_slll_15              
0000eccc  __mspabi_slll_14              
0000ecd0  __mspabi_slll_13              
0000ecd4  __mspabi_slll_12              
0000ecd8  __mspabi_slll_11              
0000ecdc  __mspabi_slll_10              
0000ece0  __mspabi_slll_9               
0000ece4  __mspabi_slll_8               
0000ece8  __mspabi_slll_7               
0000ecec  __mspabi_slll_6               
0000ecf0  __mspabi_slll_5               
0000ecf4  __mspabi_slll_4               
0000ecf8  __mspabi_slll_3               
0000ecfc  __mspabi_slll_2               
0000ed00  __mspabi_slll_1               
0000ed06  __mspabi_srai                 
0000ed12  __mspabi_srai_15              
0000ed14  __mspabi_srai_14              
0000ed16  __mspabi_srai_13              
0000ed18  __mspabi_srai_12              
0000ed1a  __mspabi_srai_11              
0000ed1c  __mspabi_srai_10              
0000ed1e  __mspabi_srai_9               
0000ed20  __mspabi_srai_8               
0000ed22  __mspabi_srai_7               
0000ed24  __mspabi_srai_6               
0000ed26  __mspabi_srai_5               
0000ed28  __mspabi_srai_4               
0000ed2a  __mspabi_srai_3               
0000ed2c  __mspabi_srai_2               
0000ed2e  __mspabi_srai_1               
0000ed32  __mspabi_slli                 
0000ed3e  __mspabi_slli_15              
0000ed40  __mspabi_slli_14              
0000ed42  __mspabi_slli_13              
0000ed44  __mspabi_slli_12              
0000ed46  __mspabi_slli_11              
0000ed48  __mspabi_slli_10              
0000ed4a  __mspabi_slli_9               
0000ed4c  __mspabi_slli_8               
0000ed4e  __mspabi_slli_7               
0000ed50  __mspabi_slli_6               
0000ed52  __mspabi_slli_5               
0000ed54  __mspabi_slli_4               
0000ed56  __mspabi_slli_3               
0000ed58  __mspabi_slli_2               
0000ed5a  __mspabi_slli_1               
0000ed5e  __mspabi_mpyl                 
0000ed5e  __mspabi_mpyl_sw              
0000ed84  IsFlashBusy                   
0000eda6  release_deep_power_down       
0000edc8  deep_power_down               
0000ede6  _c_int00_noargs               
0000ee02  UART_RX                       
0000ee16  __TI_zero_init_nomemset       
0000ee2a  UART_PRINT                    
0000ee3c  __TI_decompress_none          
0000ee4e  memcpy                        
0000ee60  Timer_A0_ISR                  
0000ee70  __mspabi_func_epilog_7        
0000ee72  __mspabi_func_epilog_6        
0000ee74  __mspabi_func_epilog_5        
0000ee76  __mspabi_func_epilog_4        
0000ee78  __mspabi_func_epilog_3        
0000ee7a  __mspabi_func_epilog_2        
0000ee7c  __mspabi_func_epilog_1        
0000ee80  __TI_ISR_TRAP                 
0000ee88  C$$EXIT                       
0000ee88  abort                         
0000ee8e  _system_pre_init              
0000ee92  _system_post_cinit            
0000efaa  _ctypes_                      
0000f0d4  __TI_Handler_Table_Base       
0000f0da  __TI_Handler_Table_Limit      
0000f0de  __TI_CINIT_Base               
0000f0e6  __TI_CINIT_Limit              
0000f0e6  __TI_CINIT_Warm               
0000ffe4  __TI_int02                    
0000ffe6  __TI_int03                    
0000ffe8  __TI_int04                    
0000ffea  __TI_int05                    
0000fff0  __TI_int08                    
0000fff2  __TI_int09                    
0000fff4  __TI_int10                    
0000fff6  __TI_int11                    
0000fffc  __TI_int14                    
0000fffe  _reset_vector                 
ffffffff  __TI_pprof_out_hndl           
ffffffff  __TI_prof_data_size           
ffffffff  __TI_prof_data_start          
ffffffff  __c_args__                    

[211 symbols]
